// Jest Snapshot v1, https://goo.gl/fbAQLP

exports[`Home Component tests Render correctly initial document 1`] = `
<div>
  <div>
    <ul>
      <button
        class="MuiButton-root MuiButton-text MuiButton-textPrimary MuiButton-sizeMedium MuiButton-textSizeMedium MuiButtonBase-root  css-1e6y48t-MuiButtonBase-root-MuiButton-root"
        style="background-color: gray; color: white; border-radius: 40px; margin: 10px; box-shadow: 5px 10px #888888;"
        tabindex="0"
        type="button"
      >
        1
      </button>
      <button
        class="MuiButton-root MuiButton-text MuiButton-textPrimary MuiButton-sizeMedium MuiButton-textSizeMedium MuiButtonBase-root  css-1e6y48t-MuiButtonBase-root-MuiButton-root"
        style="background-color: gray; color: white; border-radius: 40px; margin: 10px; box-shadow: 5px 10px #888888;"
        tabindex="0"
        type="button"
      >
        2
      </button>
      <button
        class="MuiButton-root MuiButton-text MuiButton-textPrimary MuiButton-sizeMedium MuiButton-textSizeMedium MuiButtonBase-root  css-1e6y48t-MuiButtonBase-root-MuiButton-root"
        style="background-color: gray; color: white; border-radius: 40px; margin: 10px; box-shadow: 5px 10px #888888;"
        tabindex="0"
        type="button"
      >
        3
      </button>
      <button
        class="MuiButton-root MuiButton-text MuiButton-textPrimary MuiButton-sizeMedium MuiButton-textSizeMedium MuiButtonBase-root  css-1e6y48t-MuiButtonBase-root-MuiButton-root"
        style="background-color: gray; color: white; border-radius: 40px; margin: 10px; box-shadow: 5px 10px #888888;"
        tabindex="0"
        type="button"
      >
        4
      </button>
      <button
        class="MuiButton-root MuiButton-text MuiButton-textPrimary MuiButton-sizeMedium MuiButton-textSizeMedium MuiButtonBase-root  css-1e6y48t-MuiButtonBase-root-MuiButton-root"
        style="background-color: gray; color: white; border-radius: 40px; margin: 10px; box-shadow: 5px 10px #888888;"
        tabindex="0"
        type="button"
      >
        5
      </button>
    </ul>
  </div>
</div>
`;
